  [GUARD] Remapped 'Loop powered (2 fils)' from alimentation to nbFils='2 fils'
  [GUARD] Cleared alimentation 'Loop powered (2 fils)' (just wiring topology)
  [GUARD] Remapped '24V DC, 2 wires' from alimentation to nbFils='2 fils'
  [GUARD] Rejected alarm name: 'Output signal = Damping (63 % of the input variable), adjustable' (looks like parameter description)
  [GUARD] Rejected alarm: 'Some random name' (placeholder values 0.0s)
All backend remapping tests passed!
